<?xml version="1.0" encoding="UTF-8"?>
<xs:schema xmlns:xs="http://www.w3.org/2001/XMLSchema">
  <xs:simpleType name="name">
    <xs:restriction base="xs:string">
      <xs:enumeration value="a"/>
      <xs:enumeration value="b"/>
      <xs:enumeration value="c"/>
    </xs:restriction>
  </xs:simpleType>
</xs:schema>
